16:48:53 **** Build of configuration Debug for project Projet_Parking ****
make -j4 all 
arm-none-eabi-gcc -mcpu=cortex-m0plus -g3 -c -x assembler-with-cpp --specs=nano.specs -mfloat-abi=soft -mthumb -o "Startup/startup_stm32l053r8tx.o" "../Startup/startup_stm32l053r8tx.s"
arm-none-eabi-gcc "../Src/Projet_Parking.c" -mcpu=cortex-m0plus -std=gnu11 -g3 '-DHSE_VALUE=8000000' '-DHSE_STARTUP_TIMEOUT=100' '-DHSI_VALUE=16000000' '-DLSE_STARTUP_TIMEOUT=5000' -DDEBUG '-DLSE_VALUE=32768' '-DDATA_CACHE_ENABLE=1' '-DLSI_VALUE=37000' '-DMSI_VALUE=2097000' '-DVDD_VALUE=3300' '-DINSTRUCTION_CACHE_ENABLE=1' -DSTM32L053xx -DUSE_FULL_LL_DRIVER '-DPREFETCH_ENABLE=0' -c -I../Inc -I../Drivers/CMSIS/Include -I../Drivers/STM32L0xx_HAL_Driver/Inc -I../Drivers/CMSIS/Device/ST/STM32L0xx/Include -O0 -ffunction-sections -fdata-sections -Wall -fstack-usage -MMD -MP -MF"Src/Projet_Parking.d" -MT"Src/Projet_Parking.o" --specs=nano.specs -mfloat-abi=soft -mthumb -o "Src/Projet_Parking.o"
arm-none-eabi-gcc "../Src/main.c" -mcpu=cortex-m0plus -std=gnu11 -g3 '-DHSE_VALUE=8000000' '-DHSE_STARTUP_TIMEOUT=100' '-DHSI_VALUE=16000000' '-DLSE_STARTUP_TIMEOUT=5000' -DDEBUG '-DLSE_VALUE=32768' '-DDATA_CACHE_ENABLE=1' '-DLSI_VALUE=37000' '-DMSI_VALUE=2097000' '-DVDD_VALUE=3300' '-DINSTRUCTION_CACHE_ENABLE=1' -DSTM32L053xx -DUSE_FULL_LL_DRIVER '-DPREFETCH_ENABLE=0' -c -I../Inc -I../Drivers/CMSIS/Include -I../Drivers/STM32L0xx_HAL_Driver/Inc -I../Drivers/CMSIS/Device/ST/STM32L0xx/Include -O0 -ffunction-sections -fdata-sections -Wall -fstack-usage -MMD -MP -MF"Src/main.d" -MT"Src/main.o" --specs=nano.specs -mfloat-abi=soft -mthumb -o "Src/main.o"
arm-none-eabi-gcc "../Src/stm32l0xx_it.c" -mcpu=cortex-m0plus -std=gnu11 -g3 '-DHSE_VALUE=8000000' '-DHSE_STARTUP_TIMEOUT=100' '-DHSI_VALUE=16000000' '-DLSE_STARTUP_TIMEOUT=5000' -DDEBUG '-DLSE_VALUE=32768' '-DDATA_CACHE_ENABLE=1' '-DLSI_VALUE=37000' '-DMSI_VALUE=2097000' '-DVDD_VALUE=3300' '-DINSTRUCTION_CACHE_ENABLE=1' -DSTM32L053xx -DUSE_FULL_LL_DRIVER '-DPREFETCH_ENABLE=0' -c -I../Inc -I../Drivers/CMSIS/Include -I../Drivers/STM32L0xx_HAL_Driver/Inc -I../Drivers/CMSIS/Device/ST/STM32L0xx/Include -O0 -ffunction-sections -fdata-sections -Wall -fstack-usage -MMD -MP -MF"Src/stm32l0xx_it.d" -MT"Src/stm32l0xx_it.o" --specs=nano.specs -mfloat-abi=soft -mthumb -o "Src/stm32l0xx_it.o"
arm-none-eabi-gcc "../Src/syscalls.c" -mcpu=cortex-m0plus -std=gnu11 -g3 '-DHSE_VALUE=8000000' '-DHSE_STARTUP_TIMEOUT=100' '-DHSI_VALUE=16000000' '-DLSE_STARTUP_TIMEOUT=5000' -DDEBUG '-DLSE_VALUE=32768' '-DDATA_CACHE_ENABLE=1' '-DLSI_VALUE=37000' '-DMSI_VALUE=2097000' '-DVDD_VALUE=3300' '-DINSTRUCTION_CACHE_ENABLE=1' -DSTM32L053xx -DUSE_FULL_LL_DRIVER '-DPREFETCH_ENABLE=0' -c -I../Inc -I../Drivers/CMSIS/Include -I../Drivers/STM32L0xx_HAL_Driver/Inc -I../Drivers/CMSIS/Device/ST/STM32L0xx/Include -O0 -ffunction-sections -fdata-sections -Wall -fstack-usage -MMD -MP -MF"Src/syscalls.d" -MT"Src/syscalls.o" --specs=nano.specs -mfloat-abi=soft -mthumb -o "Src/syscalls.o"
arm-none-eabi-gcc "../Src/sysmem.c" -mcpu=cortex-m0plus -std=gnu11 -g3 '-DHSE_VALUE=8000000' '-DHSE_STARTUP_TIMEOUT=100' '-DHSI_VALUE=16000000' '-DLSE_STARTUP_TIMEOUT=5000' -DDEBUG '-DLSE_VALUE=32768' '-DDATA_CACHE_ENABLE=1' '-DLSI_VALUE=37000' '-DMSI_VALUE=2097000' '-DVDD_VALUE=3300' '-DINSTRUCTION_CACHE_ENABLE=1' -DSTM32L053xx -DUSE_FULL_LL_DRIVER '-DPREFETCH_ENABLE=0' -c -I../Inc -I../Drivers/CMSIS/Include -I../Drivers/STM32L0xx_HAL_Driver/Inc -I../Drivers/CMSIS/Device/ST/STM32L0xx/Include -O0 -ffunction-sections -fdata-sections -Wall -fstack-usage -MMD -MP -MF"Src/sysmem.d" -MT"Src/sysmem.o" --specs=nano.specs -mfloat-abi=soft -mthumb -o "Src/sysmem.o"
arm-none-eabi-gcc "../Src/system_stm32l0xx.c" -mcpu=cortex-m0plus -std=gnu11 -g3 '-DHSE_VALUE=8000000' '-DHSE_STARTUP_TIMEOUT=100' '-DHSI_VALUE=16000000' '-DLSE_STARTUP_TIMEOUT=5000' -DDEBUG '-DLSE_VALUE=32768' '-DDATA_CACHE_ENABLE=1' '-DLSI_VALUE=37000' '-DMSI_VALUE=2097000' '-DVDD_VALUE=3300' '-DINSTRUCTION_CACHE_ENABLE=1' -DSTM32L053xx -DUSE_FULL_LL_DRIVER '-DPREFETCH_ENABLE=0' -c -I../Inc -I../Drivers/CMSIS/Include -I../Drivers/STM32L0xx_HAL_Driver/Inc -I../Drivers/CMSIS/Device/ST/STM32L0xx/Include -O0 -ffunction-sections -fdata-sections -Wall -fstack-usage -MMD -MP -MF"Src/system_stm32l0xx.d" -MT"Src/system_stm32l0xx.o" --specs=nano.specs -mfloat-abi=soft -mthumb -o "Src/system_stm32l0xx.o"
arm-none-eabi-gcc "../Drivers/STM32L0xx_HAL_Driver/Src/stm32l0xx_ll_dma.c" -mcpu=cortex-m0plus -std=gnu11 -g3 '-DHSE_VALUE=8000000' '-DHSE_STARTUP_TIMEOUT=100' '-DHSI_VALUE=16000000' '-DLSE_STARTUP_TIMEOUT=5000' -DDEBUG '-DLSE_VALUE=32768' '-DDATA_CACHE_ENABLE=1' '-DLSI_VALUE=37000' '-DMSI_VALUE=2097000' '-DVDD_VALUE=3300' '-DINSTRUCTION_CACHE_ENABLE=1' -DSTM32L053xx -DUSE_FULL_LL_DRIVER '-DPREFETCH_ENABLE=0' -c -I../Inc -I../Drivers/CMSIS/Include -I../Drivers/STM32L0xx_HAL_Driver/Inc -I../Drivers/CMSIS/Device/ST/STM32L0xx/Include -O0 -ffunction-sections -fdata-sections -Wall -fstack-usage -MMD -MP -MF"Drivers/STM32L0xx_HAL_Driver/Src/stm32l0xx_ll_dma.d" -MT"Drivers/STM32L0xx_HAL_Driver/Src/stm32l0xx_ll_dma.o" --specs=nano.specs -mfloat-abi=soft -mthumb -o "Drivers/STM32L0xx_HAL_Driver/Src/stm32l0xx_ll_dma.o"
arm-none-eabi-gcc "../Drivers/STM32L0xx_HAL_Driver/Src/stm32l0xx_ll_exti.c" -mcpu=cortex-m0plus -std=gnu11 -g3 '-DHSE_VALUE=8000000' '-DHSE_STARTUP_TIMEOUT=100' '-DHSI_VALUE=16000000' '-DLSE_STARTUP_TIMEOUT=5000' -DDEBUG '-DLSE_VALUE=32768' '-DDATA_CACHE_ENABLE=1' '-DLSI_VALUE=37000' '-DMSI_VALUE=2097000' '-DVDD_VALUE=3300' '-DINSTRUCTION_CACHE_ENABLE=1' -DSTM32L053xx -DUSE_FULL_LL_DRIVER '-DPREFETCH_ENABLE=0' -c -I../Inc -I../Drivers/CMSIS/Include -I../Drivers/STM32L0xx_HAL_Driver/Inc -I../Drivers/CMSIS/Device/ST/STM32L0xx/Include -O0 -ffunction-sections -fdata-sections -Wall -fstack-usage -MMD -MP -MF"Drivers/STM32L0xx_HAL_Driver/Src/stm32l0xx_ll_exti.d" -MT"Drivers/STM32L0xx_HAL_Driver/Src/stm32l0xx_ll_exti.o" --specs=nano.specs -mfloat-abi=soft -mthumb -o "Drivers/STM32L0xx_HAL_Driver/Src/stm32l0xx_ll_exti.o"
arm-none-eabi-gcc "../Drivers/STM32L0xx_HAL_Driver/Src/stm32l0xx_ll_gpio.c" -mcpu=cortex-m0plus -std=gnu11 -g3 '-DHSE_VALUE=8000000' '-DHSE_STARTUP_TIMEOUT=100' '-DHSI_VALUE=16000000' '-DLSE_STARTUP_TIMEOUT=5000' -DDEBUG '-DLSE_VALUE=32768' '-DDATA_CACHE_ENABLE=1' '-DLSI_VALUE=37000' '-DMSI_VALUE=2097000' '-DVDD_VALUE=3300' '-DINSTRUCTION_CACHE_ENABLE=1' -DSTM32L053xx -DUSE_FULL_LL_DRIVER '-DPREFETCH_ENABLE=0' -c -I../Inc -I../Drivers/CMSIS/Include -I../Drivers/STM32L0xx_HAL_Driver/Inc -I../Drivers/CMSIS/Device/ST/STM32L0xx/Include -O0 -ffunction-sections -fdata-sections -Wall -fstack-usage -MMD -MP -MF"Drivers/STM32L0xx_HAL_Driver/Src/stm32l0xx_ll_gpio.d" -MT"Drivers/STM32L0xx_HAL_Driver/Src/stm32l0xx_ll_gpio.o" --specs=nano.specs -mfloat-abi=soft -mthumb -o "Drivers/STM32L0xx_HAL_Driver/Src/stm32l0xx_ll_gpio.o"
arm-none-eabi-gcc "../Drivers/STM32L0xx_HAL_Driver/Src/stm32l0xx_ll_pwr.c" -mcpu=cortex-m0plus -std=gnu11 -g3 '-DHSE_VALUE=8000000' '-DHSE_STARTUP_TIMEOUT=100' '-DHSI_VALUE=16000000' '-DLSE_STARTUP_TIMEOUT=5000' -DDEBUG '-DLSE_VALUE=32768' '-DDATA_CACHE_ENABLE=1' '-DLSI_VALUE=37000' '-DMSI_VALUE=2097000' '-DVDD_VALUE=3300' '-DINSTRUCTION_CACHE_ENABLE=1' -DSTM32L053xx -DUSE_FULL_LL_DRIVER '-DPREFETCH_ENABLE=0' -c -I../Inc -I../Drivers/CMSIS/Include -I../Drivers/STM32L0xx_HAL_Driver/Inc -I../Drivers/CMSIS/Device/ST/STM32L0xx/Include -O0 -ffunction-sections -fdata-sections -Wall -fstack-usage -MMD -MP -MF"Drivers/STM32L0xx_HAL_Driver/Src/stm32l0xx_ll_pwr.d" -MT"Drivers/STM32L0xx_HAL_Driver/Src/stm32l0xx_ll_pwr.o" --specs=nano.specs -mfloat-abi=soft -mthumb -o "Drivers/STM32L0xx_HAL_Driver/Src/stm32l0xx_ll_pwr.o"
arm-none-eabi-gcc "../Drivers/STM32L0xx_HAL_Driver/Src/stm32l0xx_ll_rcc.c" -mcpu=cortex-m0plus -std=gnu11 -g3 '-DHSE_VALUE=8000000' '-DHSE_STARTUP_TIMEOUT=100' '-DHSI_VALUE=16000000' '-DLSE_STARTUP_TIMEOUT=5000' -DDEBUG '-DLSE_VALUE=32768' '-DDATA_CACHE_ENABLE=1' '-DLSI_VALUE=37000' '-DMSI_VALUE=2097000' '-DVDD_VALUE=3300' '-DINSTRUCTION_CACHE_ENABLE=1' -DSTM32L053xx -DUSE_FULL_LL_DRIVER '-DPREFETCH_ENABLE=0' -c -I../Inc -I../Drivers/CMSIS/Include -I../Drivers/STM32L0xx_HAL_Driver/Inc -I../Drivers/CMSIS/Device/ST/STM32L0xx/Include -O0 -ffunction-sections -fdata-sections -Wall -fstack-usage -MMD -MP -MF"Drivers/STM32L0xx_HAL_Driver/Src/stm32l0xx_ll_rcc.d" -MT"Drivers/STM32L0xx_HAL_Driver/Src/stm32l0xx_ll_rcc.o" --specs=nano.specs -mfloat-abi=soft -mthumb -o "Drivers/STM32L0xx_HAL_Driver/Src/stm32l0xx_ll_rcc.o"
arm-none-eabi-gcc "../Drivers/STM32L0xx_HAL_Driver/Src/stm32l0xx_ll_usart.c" -mcpu=cortex-m0plus -std=gnu11 -g3 '-DHSE_VALUE=8000000' '-DHSE_STARTUP_TIMEOUT=100' '-DHSI_VALUE=16000000' '-DLSE_STARTUP_TIMEOUT=5000' -DDEBUG '-DLSE_VALUE=32768' '-DDATA_CACHE_ENABLE=1' '-DLSI_VALUE=37000' '-DMSI_VALUE=2097000' '-DVDD_VALUE=3300' '-DINSTRUCTION_CACHE_ENABLE=1' -DSTM32L053xx -DUSE_FULL_LL_DRIVER '-DPREFETCH_ENABLE=0' -c -I../Inc -I../Drivers/CMSIS/Include -I../Drivers/STM32L0xx_HAL_Driver/Inc -I../Drivers/CMSIS/Device/ST/STM32L0xx/Include -O0 -ffunction-sections -fdata-sections -Wall -fstack-usage -MMD -MP -MF"Drivers/STM32L0xx_HAL_Driver/Src/stm32l0xx_ll_usart.d" -MT"Drivers/STM32L0xx_HAL_Driver/Src/stm32l0xx_ll_usart.o" --specs=nano.specs -mfloat-abi=soft -mthumb -o "Drivers/STM32L0xx_HAL_Driver/Src/stm32l0xx_ll_usart.o"
arm-none-eabi-gcc "../Drivers/STM32L0xx_HAL_Driver/Src/stm32l0xx_ll_utils.c" -mcpu=cortex-m0plus -std=gnu11 -g3 '-DHSE_VALUE=8000000' '-DHSE_STARTUP_TIMEOUT=100' '-DHSI_VALUE=16000000' '-DLSE_STARTUP_TIMEOUT=5000' -DDEBUG '-DLSE_VALUE=32768' '-DDATA_CACHE_ENABLE=1' '-DLSI_VALUE=37000' '-DMSI_VALUE=2097000' '-DVDD_VALUE=3300' '-DINSTRUCTION_CACHE_ENABLE=1' -DSTM32L053xx -DUSE_FULL_LL_DRIVER '-DPREFETCH_ENABLE=0' -c -I../Inc -I../Drivers/CMSIS/Include -I../Drivers/STM32L0xx_HAL_Driver/Inc -I../Drivers/CMSIS/Device/ST/STM32L0xx/Include -O0 -ffunction-sections -fdata-sections -Wall -fstack-usage -MMD -MP -MF"Drivers/STM32L0xx_HAL_Driver/Src/stm32l0xx_ll_utils.d" -MT"Drivers/STM32L0xx_HAL_Driver/Src/stm32l0xx_ll_utils.o" --specs=nano.specs -mfloat-abi=soft -mthumb -o "Drivers/STM32L0xx_HAL_Driver/Src/stm32l0xx_ll_utils.o"
arm-none-eabi-gcc -o "Projet_Parking.elf" @"objects.list"   -mcpu=cortex-m0plus -T"C:\Users\Maxence\Documents\GitHub\Projet_Parking\STM32L053R8TX_FLASH.ld" --specs=nosys.specs -Wl,-Map="Projet_Parking.map" -Wl,--gc-sections -static --specs=nano.specs -mfloat-abi=soft -mthumb -Wl,--start-group -lc -lm -Wl,--end-group
Finished building target: Projet_Parking.elf
 
arm-none-eabi-size   Projet_Parking.elf 
arm-none-eabi-objdump -h -S  Projet_Parking.elf  > "Projet_Parking.list"
   text	   data	    bss	    dec	    hex	filename
   5628	     12	   1564	   7204	   1c24	Projet_Parking.elf
Finished building: default.size.stdout
 
Finished building: Projet_Parking.list
 

16:49:00 Build Finished. 0 errors, 0 warnings. (took 7s.343ms)

